// Jest Snapshot v1, https://goo.gl/fbAQLP

exports[`List Component renders list correctly when props are passed 1`] = `
<section
  className="cards-list-section"
>
  <header
    className="cards-list-header"
  >
    <h2>
      First List
    </h2>
  </header>
  <ul
    className="card-list"
  >
    <li
      className="card"
    >
      <div
        className="flex-div"
      >
        <h3>
          First Card
        </h3>
        <button
          className="card-delete-button"
          type="button"
        >
          delete
        </button>
      </div>
      <p>
        lorem ipsum
      </p>
    </li>
    <li
      className="card"
    >
      <div
        className="flex-div"
      >
        <h3>
          Second Card
        </h3>
        <button
          className="card-delete-button"
          type="button"
        >
          delete
        </button>
      </div>
      <p>
        lorem ipsum
      </p>
    </li>
  </ul>
  <div
    className="add-random-card"
  >
    <button
      className="add-random-card-button"
      type="button"
    >
      + Add Random Card
    </button>
  </div>
</section>
`;
